Construcción: 0.3s, DT=2.0 h, T=84 bloques
Running HiGHS 1.15.1 (git hash: 04024d7): Copyright (c) 2026 under MIT licence terms
Includes third-party software components, see THIRD_PARTY_NOTICES.md for full details
Modelo: 76765 variables (53971 enteras), 39099 restricciones, 186234 no ceros
MIP has 39099 rows; 76765 cols; 186234 nonzeros; 53971 integer variables (0 binary)
Coefficient ranges:
  Matrix  [1e+00, 5e+01]
  Cost    [1e+03, 8e+04]
  Bound   [2e+00, 8e+00]
  RHS     [1e+00, 8e+02]
Presolving model
38170 rows, 75918 cols, 184448 nonzeros 0s
33492 rows, 72428 cols, 173330 nonzeros 0s
Presolve reductions: rows 33492(-5607); columns 72428(-4337); nonzeros 173330(-12904) 

Solving MIP model with:
   33492 rows
   72428 cols (3934 binary, 48436 integer, 0 implied int., 20058 continuous, 0 domain fixed)
   173330 nonzeros
   Thread count 1 (of 2 threads). Using 1 max workers. Parallel search off

Src: B => Branching; C => Central rounding; F => Feasibility pump; H => Heuristic;
     I => Shifting; J => Feasibility jump; L => Sub-MIP; P => Empty MIP; R => Randomized rounding;
     S => Solve LP; T => Evaluate node; U => Unbounded; X => User solution; Y => HiGHS solution;
     Z => ZI Round; l => Trivial lower; p => Trivial point; u => Trivial upper; z => Trivial zero

        Nodes      |    B&B Tree     |            Objective Bounds              |  Dynamic Constraints |       Work      
Src  Proc. InQueue |  Leaves   Expl. | BestBound       BestSol              Gap |   Cuts   InLp Confl. | LpIters     Time

         0       0         0   0.00%   650475642       -inf                 inf        0      0      0         0     1.3s
         0       0         0   0.00%   5677985.16893   -inf                 inf        0      0      5     68202    40.4s
         0       0         0   0.00%   5674752.25503   -inf                 inf      387     92     11     69277    47.0s
         0       0         0   0.00%   5672047.951883  -inf                 inf      719    152     15     70608    54.1s
         0       0         0   0.00%   5672032.383387  -inf                 inf      791    179    141     70873    67.0s
         0       0         0   0.00%   5671895.290891  -inf                 inf     1232    212    147     71524    73.2s
         0       0         0   0.00%   5661725.38727   -inf                 inf     1358    242    154     72143    79.3s
         0       0         0   0.00%   5661704.076747  -inf                 inf     1490    270    159     72539    84.4s
         0       0         0   0.00%   5661693.519419  -inf                 inf     1590    301    166     73166    90.0s
         0       0         0   0.00%   5661527.607239  -inf                 inf     1734    216    176     74019    95.5s
         0       0         0   0.00%   5661341.404671  -inf                 inf     1865    246    182     74720   102.1s
         0       0         0   0.00%   5661244.666663  -inf                 inf     2025    271    190     75433   107.8s
         0       0         0   0.00%   5660990.223208  -inf                 inf     2095    236    197     76178   113.8s
         0       0         0   0.00%   5660976.468955  -inf                 inf     2215    260    205     76740   119.5s
         0       0         0   0.00%   5660959.017343  -inf                 inf     2439    247    211     77365   125.3s
         0       0         0   0.00%   5660909.285989  -inf                 inf     2582    270    215     78037   131.6s
         0       0         0   0.00%   5660902.950239  -inf                 inf     2617    293    221     78230   136.6s
 L       0       0         0   0.00%   5660902.950239  5312292.177        6.56%     2617    293    221     78230   232.2s
       116     115         0   0.00%   5660845.651945  5312292.177        6.56%     2500    106    221    346478   843.4s
       258     255         0   0.00%   5660821.178561  5312292.177        6.56%     2772    265    221    462976  1212.6s

        Nodes      |    B&B Tree     |            Objective Bounds              |  Dynamic Constraints |       Work      
Src  Proc. InQueue |  Leaves   Expl. | BestBound       BestSol              Gap |   Cuts   InLp Confl. | LpIters     Time

       371     366         0   0.00%   5660427.887755  5312292.177        6.55%     2746    276    221    567350  1499.5s
       371     366         0   0.00%   5660427.887755  5312292.177        6.55%     2746    276    221    567350  1501.0s

Solving report
  Status            Time limit reached
  Primal bound      5312292.177
  Dual bound        5660427.88775
  Gap               6.55% (tolerance: 2%)
  P-D integral      83.2454058323
  Solution status   feasible
                    5312292.177 (objective)
                    0 (bound viol.)
                    3.28492788526e-12 (int. viol.)
                    0 (row viol.)
  Timing            1500.97
                    1.62 (Presolve)
                        MIP    time [calls] = 0.70 [1]
                        subMIP time [calls] = 0.92 [5]
                    1499.33 (Solve)
                        MIP    time [calls] = 1404.79 [1]
                        subMIP time [calls] = 94.54 [5]
                    0.00 (Postsolve)
                        MIP    time [calls] = 0.00 [1]
                        subMIP time [calls] = 0.00 [5]
  Max sub-MIP depth 10
  Nodes             371
  Repair LPs        0
  LP iterations     567350
                    237800 (strong br.)
                    15170 (separation)
                    52069 (heuristics)
{'estado': 'Time limit reached', 'obj': 5312292.176999997, 'cota': 5660427.887754509, 'gap': 0.06553399157181035, 'tiempo': 1501.0223202705383}
  margen_usd: 5312292.177000007
  ingresos_usd: 16258486.999999996
  costo_vuelos_usd: 10507138.32299999
  costo_handling_usd: 439056.4999999998
  toneladas: 10510.999999999993
  pct_demanda: 78.57457894461429
  vuelos: 313
  horas_bloque: 1228.229999999999
  factor_ocupacion_pct: 67.16293929712455
  frecuencias_cumplidas: 25/25
guardado sol_dt2.pkl
